// Jest Snapshot v1, https://goo.gl/fbAQLP

exports[`renders without crashing 1`] = `
<div
  className="welcome-text-button"
>
  <Link
    replace={false}
    to="/getstarted"
  >
    <button
      className="btn btn-outline-secondary btn-lg"
      type="button"
    >
      Get Started
    </button>
  </Link>
</div>
`;
