// Jest Snapshot v1, https://goo.gl/fbAQLP

exports[`renders without crashing 1`] = `
<div
  className="features-one"
>
  <div>
    <h2>
      Features
    </h2>
  </div>
  <div
    className="features-one-container"
  >
    <div>
      <img
        alt="A Web of things dashboard"
        src="board.png"
      />
    </div>
    <div>
      <CheckListItem
        key="Discover all sensors/actuators connected to your device"
        text="Discover all sensors/actuators connected to your device"
      />
      <CheckListItem
        key="Add or remove readings from a specific sensor of a connected device"
        text="Add or remove readings from a specific sensor of a connected device"
      />
      <CheckListItem
        key="Upload a file with sensor readings to display"
        text="Upload a file with sensor readings to display"
      />
      <CheckListItem
        key="Discover all sensors/actuators connected to your Device"
        text="Discover all sensors/actuators connected to your Device"
      />
    </div>
  </div>
</div>
`;
