// Jest Snapshot v1, https://goo.gl/fbAQLP

exports[`renders without crashing 1`] = `
<section
  className="section"
>
  <h2
    className="text-center font-weight-bold mt-10"
  >
     
     
  </h2>
  <div
    className="row"
  >
    <div
      className="col-md-6"
    >
      <h4
        className="font-weight-bold"
      >
         
        Easily add or remove devices in your DashThings board
         
      </h4>
    </div>
    <div
      className="col-md-6"
    >
      <img
        alt="Internet of things devices"
        className="img-fluid rounded"
        height="470px"
        src="devices.png"
        width="470px"
      />
    </div>
  </div>
</section>
`;
