// Jest Snapshot v1, https://goo.gl/fbAQLP

exports[`renders without crashing 1`] = `
<div>
  <SideBarItem
    id="step1"
    key="step1"
    text="Context"
  />
  <SideBarItem
    id="step2"
    key="step2"
    text="Requirements"
  />
  <SideBarItem
    id="step3"
    key="step3"
    text="Connect your Things"
  />
  <SideBarItem
    id="step4"
    key="step4"
    text="Display data from yout Things"
  />
</div>
`;
