// Jest Snapshot v1, https://goo.gl/fbAQLP

exports[`renders without crashing 1`] = `
<div
  className="dashboard"
>
  <DevicePanel
    actions={
      Object {
        "addDevice": [Function],
        "toogleSelectedDevice": [Function],
      }
    }
    devices={
      Array [
        Object {
          "id": "dev1",
          "name": "LondonTemp",
          "type": "Thermometer",
          "url": "http://devices.webofthings.io/pi/sensors/temperature/",
        },
        Object {
          "id": "dev2",
          "name": "LondonHumidity",
          "type": "Humidity",
          "url": "http://devices.webofthings.io/pi/sensors/humidity/",
        },
      ]
    }
    params={
      Array [
        Object {
          "label": "Name :",
          "name": "name",
          "options": Array [],
          "type": "input",
        },
        Object {
          "label": "Type :",
          "name": "type",
          "options": Array [
            "Select Device Type",
            "Thermometer",
            "Humidity Sensor",
            "IR sensor",
            "LCD",
            "LED",
            "Switch",
          ],
          "type": "select",
        },
        Object {
          "label": "Url :",
          "name": "url",
          "options": Array [],
          "type": "input",
        },
      ]
    }
    selected={Object {}}
  />
  <VizPanel
    actions={
      Object {
        "addViz": [Function],
        "toogleSelectedViz": [Function],
      }
    }
    params={
      Array [
        Object {
          "label": "Name :",
          "name": "name",
          "options": Array [],
          "type": "input",
        },
        Object {
          "label": "Model :",
          "name": "model",
          "options": Array [
            "Select Viz Type",
            "VictoryLine",
            "VictoryBar",
            "Status",
            "Display",
          ],
          "type": "select",
        },
        Object {
          "label": "Source Device:",
          "name": "device_id",
          "options": Array [
            "Select Source",
          ],
          "type": "select",
        },
      ]
    }
    selected={Object {}}
    vizs={
      Array [
        Object {
          "data": Array [],
          "deviceId": "1",
          "id": "viz1",
          "model": "VictoryLine",
          "name": "Temperature Sensor",
          "selected": false,
          "x": "date",
          "y": "temp",
        },
        Object {
          "data": Array [
            Object {
              "date": "12/12",
              "hum": 95,
            },
            Object {
              "date": "13/12",
              "hum": 93,
            },
            Object {
              "date": "14/12",
              "hum": 98,
            },
            Object {
              "date": "15/12",
              "hum": 85,
            },
          ],
          "deviceId": "2",
          "id": "viz2",
          "model": "VictoryBar",
          "name": "Humidity Sensor",
          "selected": false,
          "x": "date",
          "y": "hum",
        },
      ]
    }
  />
</div>
`;
