// Jest Snapshot v1, https://goo.gl/fbAQLP

exports[`renders without crashing 1`] = `
<div
  className="dashboard"
>
  <ThingPanel
    actions={
      Object {
        "discover": [Function],
        "toogleSelectedThing": [Function],
      }
    }
    params={
      Array [
        Object {
          "label": "Name :",
          "name": "name",
          "options": Array [],
          "type": "input",
        },
        Object {
          "label": "Url :",
          "name": "id",
          "options": Array [],
          "type": "input",
        },
      ]
    }
    selected={Object {}}
    things={Array []}
  />
  <VizPanel
    actions={
      Object {
        "addViz": [Function],
        "toogleSelectedViz": [Function],
      }
    }
    params={
      Array [
        Object {
          "label": "Name :",
          "name": "name",
          "options": Array [],
          "type": "input",
        },
        Object {
          "label": "Model :",
          "name": "model",
          "options": Array [
            Object {
              "display": "Select Model Type",
              "id": "MT0",
              "value": "default",
            },
            Object {
              "display": "VictoryLine",
              "id": "MT1",
              "value": "VictoryLine",
            },
            Object {
              "display": "VictoryBar",
              "id": "MT2",
              "value": "VictoryBar",
            },
            Object {
              "display": "Status",
              "id": "MT3",
              "value": "Status",
            },
            Object {
              "display": "Display",
              "id": "MT4",
              "value": "Display",
            },
          ],
          "type": "select",
        },
        Object {
          "label": "Source:",
          "name": "source_id",
          "options": Array [
            Object {
              "display": "Select Source",
              "id": "SD0",
              "value": "default",
            },
          ],
          "type": "select",
        },
        Object {
          "label": "Theme:",
          "name": "design",
          "options": Array [
            Object {
              "display": "Select Viz Theme",
              "id": "TH0",
              "value": "default",
            },
            Object {
              "display": "GrayScale",
              "id": "TH1",
              "value": "GrayScale",
            },
            Object {
              "display": "Material",
              "id": "TH2",
              "value": "Material",
            },
          ],
          "type": "select",
        },
      ]
    }
    selected={Object {}}
    things={Array []}
    vizs={Array []}
  />
</div>
`;
