// Jest Snapshot v1, https://goo.gl/fbAQLP

exports[`renders without crashing 1`] = `
<div
  className="nav-bar"
>
  <ul>
    <li>
      DashThing Logo
    </li>
    <li>
      <Link
        replace={false}
        to="/"
      >
        Home
      </Link>
    </li>
    <li>
      <Link
        replace={false}
        to="/getstarted"
      >
        Get Started
      </Link>
    </li>
    <li>
      <Link
        replace={false}
        to="/dashboard"
      >
        Dashboard
      </Link>
    </li>
  </ul>
  <ul>
    <li>
      <button
        onClick={[Function]}
      >
        LogIn
      </button>
    </li>
    <li>
      <Link
        replace={false}
        to="/register"
      >
        Register
      </Link>
    </li>
  </ul>
</div>
`;
