// Jest Snapshot v1, https://goo.gl/fbAQLP

exports[`renders without crashing 1`] = `
<div
  className="device-panel"
>
  <h3>
    Device Panel
  </h3>
  <DeviceList
    devices={
      Array [
        Object {
          "name": "device1",
          "status": "online",
          "type": "Thermometer",
        },
        Object {
          "name": "device2",
          "status": "offline",
          "type": "PhMeter",
        },
        Object {
          "name": "device3",
          "status": "offline",
          "type": "Thermometer",
        },
      ]
    }
  />
</div>
`;
