// Jest Snapshot v1, https://goo.gl/fbAQLP

exports[`renders without crashing 1`] = `
<div
  className="device-list"
>
  <div
    className="device"
    key="device1"
    onClick={[Function]}
  >
    <Device
      name="device1"
      status="online"
      type="Thermometer"
    />
  </div>
  <div
    className="device"
    key="device2"
    onClick={[Function]}
  >
    <Device
      name="device2"
      status="offline"
      type="PhMeter"
    />
  </div>
  <div
    className="device"
    key="device3"
    onClick={[Function]}
  >
    <Device
      name="device3"
      status="offline"
      type="Thermometer"
    />
  </div>
</div>
`;
