// Jest Snapshot v1, https://goo.gl/fbAQLP

exports[`renders without crashing 1`] = `
<div
  className="device-list"
>
  <Device
    device={
      Object {
        "name": "device1",
        "status": "online",
        "type": "Thermometer",
      }
    }
    key="device1"
  />
  <Device
    device={
      Object {
        "name": "device2",
        "status": "offline",
        "type": "PhMeter",
      }
    }
    key="device2"
  />
  <Device
    device={
      Object {
        "name": "device3",
        "status": "offline",
        "type": "Thermometer",
      }
    }
    key="device3"
  />
</div>
`;
