// Jest Snapshot v1, https://goo.gl/fbAQLP

exports[`renders without crashing 1`] = `
<div
  className="control-panel-param"
>
  <label
    htmlFor="param-id-name"
  >
    label
  </label>
  <input
    className=""
    label="label"
    name="name"
    onChange={[Function]}
    value="value"
  />
</div>
`;
