// Jest Snapshot v1, https://goo.gl/fbAQLP

exports[`renders without crashing 1`] = `
<div
  className="control-panel"
>
  <div
    className="control-panel-actions"
  >
    <div
      className="visible"
      key="Discover"
    >
      <Action
        name="Discover"
        onSelect={false}
        onclick={[Function]}
      />
    </div>
    <div
      className="hidden"
      key="Del"
    >
      <Action
        name="Del"
        onSelect={true}
        onclick={[Function]}
      />
    </div>
  </div>
  <div
    className="control-panel-params"
  >
    <Param
      key="name"
      label="Name :"
      name="name"
      onChange={[Function]}
      value=""
    />
    <Param
      key="type"
      label="Type :"
      name="type"
      onChange={[Function]}
    />
    <Param
      key="url"
      label="Url :"
      name="url"
      onChange={[Function]}
    />
  </div>
</div>
`;
